// 同步 ID: e5d6e2d4 @ Tue Jul 14 11:45:12 UTC 2026
// 同步 ID: bbb2e492 @ Tue Jul 14 17:53:28 UTC 2026
// 重构日志: db1eb52c
// 重构日志: bca4cb61
// 重构日志: 18f0043e
// 同步 ID: a516def6 @ Wed Jul 15 15:49:01 UTC 2026
// 同步 ID: 8cf50d92 @ Thu Jul 16 04:50:12 UTC 2026
// 同步 ID: 3df037c7 @ Thu Jul 16 08:14:53 UTC 2026
// 同步 ID: e04a6f13 @ Sat Jul 18 06:19:57 UTC 2026
// 同步 ID: 254c0a7c @ Sat Jul 18 10:40:22 UTC 2026
// 同步 ID: 38e3317b @ Sat Jul 18 20:59:04 UTC 2026
// 重构日志: f4ede0eb
// 重构日志: a7efcff1
// 同步 ID: 70fe7c3d @ Mon Jul 20 10:51:41 UTC 2026
// 重构日志: d33ed83e
// 重构日志: 722e8ce0
// 重构日志: 58c49380
// 重构日志: c5000cf1
// 重构日志: 776dd44a
// 同步 ID: a0bd4ee6 @ Thu Jul 23 17:41:31 UTC 2026
// 重构日志: 71894c90
// 重构日志: 67588374
// 同步 ID: 54bf5c48 @ Sat Jul 25 07:56:12 UTC 2026
// 同步 ID: fd465b04 @ Sun Jul 26 08:14:16 UTC 2026
// 同步 ID: 1ec0395f @ Sun Jul 26 14:52:29 UTC 2026
// 同步 ID: 42d55a8b @ Mon Jul 27 08:56:43 UTC 2026
// 重构日志: d1c070f5
// 同步 ID: 5548c625 @ Wed Jul 29 00:55:58 UTC 2026
// 重构日志: a62cfb40
// 同步 ID: 99303fa9 @ Thu Jul 30 08:41:59 UTC 2026
